0 verbose cli /Users/aniketjha/.nvm/versions/node/v20.19.0/bin/node /Users/aniketjha/.nvm/versions/node/v20.19.0/lib/node_modules/npm/bin/npm-cli.js
1 info using npm@11.9.0
2 info using node@v20.19.0
3 silly config load:file:/Users/aniketjha/.nvm/versions/node/v20.19.0/lib/node_modules/npm/npmrc
4 silly config load:file:/Users/aniketjha/Desktop/work/clients/propertysearch/propert_website/.npmrc
5 silly config load:file:/Users/aniketjha/.npmrc
6 silly config load:file:/Users/aniketjha/.nvm/versions/node/v20.19.0/etc/npmrc
7 verbose title npm exec eslint src/pages/HomePage.jsx src/hooks/useVisitorCity.js src/api/geo.js
8 verbose argv "exec" "--" "eslint" "src/pages/HomePage.jsx" "src/hooks/useVisitorCity.js" "src/api/geo.js"
9 verbose logfile logs-max:10 dir:/Users/aniketjha/Desktop/work/clients/propertysearch/propert_website/.npm-cache/_logs/2026-09-27T16_43_05_953Z-
10 verbose logfile /Users/aniketjha/Desktop/work/clients/propertysearch/propert_website/.npm-cache/_logs/2026-09-27T16_43_05_953Z-debug-0.log
11 silly logfile done cleaning log files
12 silly packumentCache heap:2197815296 maxSize:549453824 maxEntrySize:274726912
13 http fetch GET 200 https://registry.npmjs.org/eslint 180ms (cache miss)
14 silly packumentCache heap:2197815296 maxSize:549453824 maxEntrySize:274726912
15 silly packumentCache heap:2197815296 maxSize:549453824 maxEntrySize:274726912
16 warn exec The following package was not found and will be installed: eslint@10.11.0
17 silly idealTree buildDeps
18 silly fetch manifest eslint@10.11.0
19 silly packumentCache full:https://registry.npmjs.org/eslint cache-miss
20 http fetch GET 200 https://registry.npmjs.org/eslint 97ms (cache miss)
21 silly packumentCache full:https://registry.npmjs.org/eslint set size:undefined disposed:false
22 silly fetch manifest jiti@*
23 silly packumentCache full:https://registry.npmjs.org/jiti cache-miss
24 http fetch GET 200 https://registry.npmjs.org/jiti 43ms (cache miss)
25 silly packumentCache full:https://registry.npmjs.org/jiti set size:undefined disposed:false
26 silly placeDep ROOT eslint@10.11.0 OK for:  want: 10.11.0
27 silly fetch manifest ajv@^6.14.0
28 silly packumentCache full:https://registry.npmjs.org/ajv cache-miss
29 silly fetch manifest debug@^4.3.2
30 silly packumentCache full:https://registry.npmjs.org/debug cache-miss
31 silly fetch manifest espree@^11.2.0
32 silly packumentCache full:https://registry.npmjs.org/espree cache-miss
33 silly fetch manifest ignore@^5.2.0
34 silly packumentCache full:https://registry.npmjs.org/ignore cache-miss
35 silly fetch manifest esquery@^1.7.0
36 silly packumentCache full:https://registry.npmjs.org/esquery cache-miss
37 silly fetch manifest esutils@^2.0.2
38 silly packumentCache full:https://registry.npmjs.org/esutils cache-miss
39 silly fetch manifest find-up@^5.0.0
40 silly packumentCache full:https://registry.npmjs.org/find-up cache-miss
41 http fetch GET 200 https://registry.npmjs.org/ajv 72ms (cache miss)
42 silly packumentCache full:https://registry.npmjs.org/ajv set size:undefined disposed:false
43 silly fetch manifest is-glob@^4.0.0
44 silly packumentCache full:https://registry.npmjs.org/is-glob cache-miss
45 http fetch GET 200 https://registry.npmjs.org/esutils 106ms (cache miss)
46 silly packumentCache full:https://registry.npmjs.org/esutils set size:undefined disposed:false
47 silly fetch manifest minimatch@^10.2.5
48 silly packumentCache full:https://registry.npmjs.org/minimatch cache-miss
49 http fetch GET 200 https://registry.npmjs.org/esquery 109ms (cache miss)
50 silly packumentCache full:https://registry.npmjs.org/esquery set size:undefined disposed:false
51 silly fetch manifest optionator@^0.9.3
52 silly packumentCache full:https://registry.npmjs.org/optionator cache-miss
53 http fetch GET 200 https://registry.npmjs.org/debug 111ms (cache miss)
54 silly packumentCache full:https://registry.npmjs.org/debug set size:undefined disposed:false
55 silly fetch manifest cross-spawn@^7.0.6
56 silly packumentCache full:https://registry.npmjs.org/cross-spawn cache-miss
57 http fetch GET 200 https://registry.npmjs.org/espree 116ms (cache miss)
58 silly packumentCache full:https://registry.npmjs.org/espree set size:undefined disposed:false
59 silly fetch manifest glob-parent@^6.0.2
60 silly packumentCache full:https://registry.npmjs.org/glob-parent cache-miss
61 http fetch GET 200 https://registry.npmjs.org/ignore 119ms (cache miss)
62 silly packumentCache full:https://registry.npmjs.org/ignore set size:undefined disposed:false
63 silly fetch manifest imurmurhash@^0.1.4
64 silly packumentCache full:https://registry.npmjs.org/imurmurhash cache-miss
65 http fetch GET 200 https://registry.npmjs.org/is-glob 48ms (cache miss)
66 silly packumentCache full:https://registry.npmjs.org/is-glob set size:undefined disposed:false
67 silly fetch manifest @eslint/core@^1.2.1
68 silly packumentCache full:https://registry.npmjs.org/@eslint%2fcore cache-miss
69 http fetch GET 200 https://registry.npmjs.org/find-up 132ms (cache miss)
70 silly packumentCache full:https://registry.npmjs.org/find-up set size:undefined disposed:false
71 silly fetch manifest eslint-scope@^9.1.2
72 silly packumentCache full:https://registry.npmjs.org/eslint-scope cache-miss
73 http fetch GET 200 https://registry.npmjs.org/imurmurhash 42ms (cache miss)
74 silly packumentCache full:https://registry.npmjs.org/imurmurhash set size:undefined disposed:false
75 silly fetch manifest @humanfs/node@^0.16.6
76 silly packumentCache full:https://registry.npmjs.org/@humanfs%2fnode cache-miss
77 http fetch GET 200 https://registry.npmjs.org/glob-parent 46ms (cache miss)
78 silly packumentCache full:https://registry.npmjs.org/glob-parent set size:undefined disposed:false
79 silly fetch manifest @types/estree@^1.0.6
80 silly packumentCache full:https://registry.npmjs.org/@types%2festree cache-miss
81 http fetch GET 200 https://registry.npmjs.org/minimatch 59ms (cache miss)
82 silly packumentCache full:https://registry.npmjs.org/minimatch set size:undefined disposed:false
83 silly fetch manifest fast-deep-equal@^3.1.3
84 silly packumentCache full:https://registry.npmjs.org/fast-deep-equal cache-miss
85 http fetch GET 200 https://registry.npmjs.org/optionator 60ms (cache miss)
86 silly packumentCache full:https://registry.npmjs.org/optionator set size:undefined disposed:false
87 silly fetch manifest natural-compare@^1.4.0
88 silly packumentCache full:https://registry.npmjs.org/natural-compare cache-miss
89 http fetch GET 200 https://registry.npmjs.org/cross-spawn 58ms (cache miss)
90 silly packumentCache full:https://registry.npmjs.org/cross-spawn set size:undefined disposed:false
91 silly fetch manifest file-entry-cache@11.1.5 || >11.1.6 <12
92 silly packumentCache full:https://registry.npmjs.org/file-entry-cache cache-miss
93 http fetch GET 200 https://registry.npmjs.org/@eslint%2fcore 46ms (cache miss)
94 silly packumentCache full:https://registry.npmjs.org/@eslint%2fcore set size:undefined disposed:false
95 silly fetch manifest @eslint/plugin-kit@^0.7.3
96 silly packumentCache full:https://registry.npmjs.org/@eslint%2fplugin-kit cache-miss
97 http fetch GET 200 https://registry.npmjs.org/eslint-scope 55ms (cache miss)
98 silly packumentCache full:https://registry.npmjs.org/eslint-scope set size:undefined disposed:false
99 silly fetch manifest eslint-visitor-keys@^5.0.1
100 silly packumentCache full:https://registry.npmjs.org/eslint-visitor-keys cache-miss
101 http fetch GET 200 https://registry.npmjs.org/fast-deep-equal 23ms (cache miss)
102 silly packumentCache full:https://registry.npmjs.org/fast-deep-equal set size:undefined disposed:false
103 silly fetch manifest @eslint/config-array@^0.23.5
104 silly packumentCache full:https://registry.npmjs.org/@eslint%2fconfig-array cache-miss
105 http fetch GET 200 https://registry.npmjs.org/@humanfs%2fnode 35ms (cache miss)
106 silly packumentCache full:https://registry.npmjs.org/@humanfs%2fnode set size:undefined disposed:false
107 silly fetch manifest @humanwhocodes/retry@^0.4.2
108 silly packumentCache full:https://registry.npmjs.org/@humanwhocodes%2fretry cache-miss
109 http fetch GET 200 https://registry.npmjs.org/@types%2festree 35ms (cache miss)
110 silly packumentCache full:https://registry.npmjs.org/@types%2festree set size:undefined disposed:false
111 silly fetch manifest escape-string-regexp@^4.0.0
112 silly packumentCache full:https://registry.npmjs.org/escape-string-regexp cache-miss
113 http fetch GET 200 https://registry.npmjs.org/natural-compare 37ms (cache miss)
114 silly packumentCache full:https://registry.npmjs.org/natural-compare set size:undefined disposed:false
115 silly fetch manifest @eslint/config-helpers@^0.7.0
116 silly packumentCache full:https://registry.npmjs.org/@eslint%2fconfig-helpers cache-miss
117 http fetch GET 200 https://registry.npmjs.org/file-entry-cache 36ms (cache miss)
118 silly packumentCache full:https://registry.npmjs.org/file-entry-cache set size:undefined disposed:false
119 silly fetch manifest @eslint-community/regexpp@^4.12.2
120 silly packumentCache full:https://registry.npmjs.org/@eslint-community%2fregexpp cache-miss
121 http fetch GET 200 https://registry.npmjs.org/@eslint%2fplugin-kit 41ms (cache miss)
122 silly packumentCache full:https://registry.npmjs.org/@eslint%2fplugin-kit set size:undefined disposed:false
123 silly fetch manifest @eslint-community/eslint-utils@^4.8.0
124 silly packumentCache full:https://registry.npmjs.org/@eslint-community%2feslint-utils cache-miss
125 http fetch GET 200 https://registry.npmjs.org/@eslint%2fconfig-array 31ms (cache miss)
126 silly packumentCache full:https://registry.npmjs.org/@eslint%2fconfig-array set size:undefined disposed:false
127 silly fetch manifest @humanwhocodes/module-importer@^1.0.1
128 silly packumentCache full:https://registry.npmjs.org/@humanwhocodes%2fmodule-importer cache-miss
129 http fetch GET 200 https://registry.npmjs.org/escape-string-regexp 29ms (cache miss)
130 silly packumentCache full:https://registry.npmjs.org/escape-string-regexp set size:undefined disposed:false
131 silly fetch manifest json-stable-stringify-without-jsonify@^1.0.1
132 silly packumentCache full:https://registry.npmjs.org/json-stable-stringify-without-jsonify cache-miss
133 http fetch GET 200 https://registry.npmjs.org/eslint-visitor-keys 42ms (cache miss)
134 silly packumentCache full:https://registry.npmjs.org/eslint-visitor-keys set size:undefined disposed:false
135 http fetch GET 200 https://registry.npmjs.org/@humanwhocodes%2fretry 36ms (cache miss)
136 silly packumentCache full:https://registry.npmjs.org/@humanwhocodes%2fretry set size:undefined disposed:false
137 http fetch GET 200 https://registry.npmjs.org/@eslint%2fconfig-helpers 36ms (cache miss)
138 silly packumentCache full:https://registry.npmjs.org/@eslint%2fconfig-helpers set size:undefined disposed:false
139 http fetch GET 200 https://registry.npmjs.org/@humanwhocodes%2fmodule-importer 27ms (cache miss)
140 silly packumentCache full:https://registry.npmjs.org/@humanwhocodes%2fmodule-importer set size:undefined disposed:false
141 http fetch GET 200 https://registry.npmjs.org/json-stable-stringify-without-jsonify 26ms (cache miss)
142 silly packumentCache full:https://registry.npmjs.org/json-stable-stringify-without-jsonify set size:undefined disposed:false
143 http fetch GET 200 https://registry.npmjs.org/@eslint-community%2fregexpp 49ms (cache miss)
144 silly packumentCache full:https://registry.npmjs.org/@eslint-community%2fregexpp set size:undefined disposed:false
145 http fetch GET 200 https://registry.npmjs.org/@eslint-community%2feslint-utils 45ms (cache miss)
146 silly packumentCache full:https://registry.npmjs.org/@eslint-community%2feslint-utils set size:undefined disposed:false
147 silly fetch manifest eslint@^6.0.0 || ^7.0.0 || >=8.0.0
148 silly packumentCache full:https://registry.npmjs.org/eslint cache-miss
149 http cache https://registry.npmjs.org/eslint 5ms (cache hit)
150 silly packumentCache full:https://registry.npmjs.org/eslint set size:2085131 disposed:false
151 silly placeDep ROOT @eslint-community/eslint-utils@4.10.1 OK for: eslint@10.11.0 want: ^4.8.0
152 silly placeDep ROOT @eslint-community/regexpp@4.12.2 OK for: eslint@10.11.0 want: ^4.12.2
153 silly placeDep ROOT @eslint/config-array@0.23.5 OK for: eslint@10.11.0 want: ^0.23.5
154 silly placeDep ROOT @eslint/config-helpers@0.7.0 OK for: eslint@10.11.0 want: ^0.7.0
155 silly placeDep ROOT @eslint/core@1.2.1 OK for: eslint@10.11.0 want: ^1.2.1
156 silly placeDep ROOT @eslint/plugin-kit@0.7.3 OK for: eslint@10.11.0 want: ^0.7.3
157 silly placeDep ROOT @humanfs/node@0.16.8 OK for: eslint@10.11.0 want: ^0.16.6
158 silly placeDep ROOT @humanwhocodes/module-importer@1.0.1 OK for: eslint@10.11.0 want: ^1.0.1
159 silly placeDep ROOT @humanwhocodes/retry@0.4.3 OK for: eslint@10.11.0 want: ^0.4.2
160 silly placeDep ROOT @types/estree@1.0.9 OK for: eslint@10.11.0 want: ^1.0.6
161 silly placeDep ROOT ajv@6.15.0 OK for: eslint@10.11.0 want: ^6.14.0
162 silly placeDep ROOT cross-spawn@7.0.6 OK for: eslint@10.11.0 want: ^7.0.6
163 silly placeDep ROOT debug@4.4.3 OK for: eslint@10.11.0 want: ^4.3.2
164 silly placeDep ROOT escape-string-regexp@4.0.0 OK for: eslint@10.11.0 want: ^4.0.0
165 silly placeDep ROOT eslint-scope@9.1.2 OK for: eslint@10.11.0 want: ^9.1.2
166 silly placeDep ROOT eslint-visitor-keys@5.0.1 OK for: eslint@10.11.0 want: ^5.0.1
167 silly placeDep ROOT espree@11.2.0 OK for: eslint@10.11.0 want: ^11.2.0
168 silly placeDep ROOT esquery@1.7.0 OK for: eslint@10.11.0 want: ^1.7.0
169 silly placeDep ROOT esutils@2.0.3 OK for: eslint@10.11.0 want: ^2.0.2
170 silly placeDep ROOT fast-deep-equal@3.1.3 OK for: eslint@10.11.0 want: ^3.1.3
171 silly placeDep ROOT file-entry-cache@11.1.5 OK for: eslint@10.11.0 want: 11.1.5 || >11.1.6 <12
172 silly placeDep ROOT find-up@5.0.0 OK for: eslint@10.11.0 want: ^5.0.0
173 silly placeDep ROOT glob-parent@6.0.2 OK for: eslint@10.11.0 want: ^6.0.2
174 silly placeDep ROOT ignore@5.3.2 OK for: eslint@10.11.0 want: ^5.2.0
175 silly placeDep ROOT imurmurhash@0.1.4 OK for: eslint@10.11.0 want: ^0.1.4
176 silly placeDep ROOT is-glob@4.0.3 OK for: eslint@10.11.0 want: ^4.0.0
177 silly placeDep ROOT json-stable-stringify-without-jsonify@1.0.1 OK for: eslint@10.11.0 want: ^1.0.1
178 silly placeDep ROOT minimatch@10.2.6 OK for: eslint@10.11.0 want: ^10.2.5
179 silly placeDep ROOT natural-compare@1.4.0 OK for: eslint@10.11.0 want: ^1.4.0
180 silly placeDep ROOT optionator@0.9.4 OK for: eslint@10.11.0 want: ^0.9.3
181 silly fetch manifest eslint-visitor-keys@^3.4.3
182 silly packumentCache full:https://registry.npmjs.org/eslint-visitor-keys cache-miss
183 silly fetch manifest @eslint/object-schema@^3.0.5
184 silly packumentCache full:https://registry.npmjs.org/@eslint%2fobject-schema cache-miss
185 silly fetch manifest debug@^4.3.1
186 silly packumentCache full:https://registry.npmjs.org/debug cache-miss
187 silly fetch manifest minimatch@^10.2.4
188 silly packumentCache full:https://registry.npmjs.org/minimatch cache-miss
189 silly fetch manifest @types/json-schema@^7.0.15
190 silly packumentCache full:https://registry.npmjs.org/@types%2fjson-schema cache-miss
191 silly fetch manifest levn@^0.4.1
192 silly packumentCache full:https://registry.npmjs.org/levn cache-miss
193 silly fetch manifest @humanfs/core@^0.19.2
194 silly packumentCache full:https://registry.npmjs.org/@humanfs%2fcore cache-miss
195 http cache https://registry.npmjs.org/eslint-visitor-keys 5ms (cache hit)
196 silly packumentCache full:https://registry.npmjs.org/eslint-visitor-keys set size:69949 disposed:false
197 silly fetch manifest @humanfs/types@^0.15.0
198 silly packumentCache full:https://registry.npmjs.org/@humanfs%2ftypes cache-miss
199 http cache https://registry.npmjs.org/debug 5ms (cache hit)
200 silly packumentCache full:https://registry.npmjs.org/debug set size:195840 disposed:false
201 silly fetch manifest @humanwhocodes/retry@^0.4.0
202 silly packumentCache full:https://registry.npmjs.org/@humanwhocodes%2fretry cache-miss
203 http cache https://registry.npmjs.org/minimatch 7ms (cache hit)
204 silly packumentCache full:https://registry.npmjs.org/minimatch set size:377924 disposed:false
205 silly fetch manifest uri-js@^4.2.2
206 silly packumentCache full:https://registry.npmjs.org/uri-js cache-miss
207 http cache https://registry.npmjs.org/@humanwhocodes%2fretry 3ms (cache hit)
208 silly packumentCache full:https://registry.npmjs.org/@humanwhocodes%2fretry set size:42348 disposed:false
209 silly fetch manifest fast-deep-equal@^3.1.1
210 silly packumentCache full:https://registry.npmjs.org/fast-deep-equal cache-miss
211 http cache https://registry.npmjs.org/fast-deep-equal 0ms (cache hit)
212 silly packumentCache full:https://registry.npmjs.org/fast-deep-equal set size:48634 disposed:false
213 silly fetch manifest json-schema-traverse@^0.4.1
214 silly packumentCache full:https://registry.npmjs.org/json-schema-traverse cache-miss
215 http fetch GET 200 https://registry.npmjs.org/@humanfs%2fcore 32ms (cache miss)
216 silly packumentCache full:https://registry.npmjs.org/@humanfs%2fcore set size:undefined disposed:false
217 silly fetch manifest fast-json-stable-stringify@^2.0.0
218 silly packumentCache full:https://registry.npmjs.org/fast-json-stable-stringify cache-miss
219 http fetch GET 200 https://registry.npmjs.org/levn 33ms (cache miss)
220 silly packumentCache full:https://registry.npmjs.org/levn set size:undefined disposed:false
221 silly fetch manifest which@^2.0.1
222 silly packumentCache full:https://registry.npmjs.org/which cache-miss
223 http fetch GET 200 https://registry.npmjs.org/@types%2fjson-schema 34ms (cache miss)
224 silly packumentCache full:https://registry.npmjs.org/@types%2fjson-schema set size:undefined disposed:false
225 silly fetch manifest path-key@^3.1.0
226 silly packumentCache full:https://registry.npmjs.org/path-key cache-miss
227 http fetch GET 200 https://registry.npmjs.org/@humanfs%2ftypes 31ms (cache miss)
228 silly packumentCache full:https://registry.npmjs.org/@humanfs%2ftypes set size:undefined disposed:false
229 silly fetch manifest shebang-command@^2.0.0
230 silly packumentCache full:https://registry.npmjs.org/shebang-command cache-miss
231 http fetch GET 200 https://registry.npmjs.org/json-schema-traverse 29ms (cache miss)
232 silly packumentCache full:https://registry.npmjs.org/json-schema-traverse set size:undefined disposed:false
233 silly fetch manifest ms@^2.1.3
234 silly packumentCache full:https://registry.npmjs.org/ms cache-miss
235 http fetch GET 200 https://registry.npmjs.org/uri-js 33ms (cache miss)
236 silly packumentCache full:https://registry.npmjs.org/uri-js set size:undefined disposed:false
237 silly fetch manifest @types/esrecurse@^4.3.1
238 silly packumentCache full:https://registry.npmjs.org/@types%2fesrecurse cache-miss
239 http fetch GET 200 https://registry.npmjs.org/@eslint%2fobject-schema 51ms (cache miss)
240 silly packumentCache full:https://registry.npmjs.org/@eslint%2fobject-schema set size:undefined disposed:false
241 silly fetch manifest esrecurse@^4.3.0
242 silly packumentCache full:https://registry.npmjs.org/esrecurse cache-miss
243 http fetch GET 200 https://registry.npmjs.org/path-key 20ms (cache miss)
244 silly packumentCache full:https://registry.npmjs.org/path-key set size:undefined disposed:false
245 silly fetch manifest estraverse@^5.2.0
246 silly packumentCache full:https://registry.npmjs.org/estraverse cache-miss
247 http fetch GET 200 https://registry.npmjs.org/which 23ms (cache miss)
248 silly packumentCache full:https://registry.npmjs.org/which set size:undefined disposed:false
249 silly fetch manifest acorn@^8.16.0
250 silly packumentCache full:https://registry.npmjs.org/acorn cache-miss
251 http fetch GET 200 https://registry.npmjs.org/shebang-command 23ms (cache miss)
252 silly packumentCache full:https://registry.npmjs.org/shebang-command set size:undefined disposed:false
253 silly fetch manifest acorn-jsx@^5.3.2
254 silly packumentCache full:https://registry.npmjs.org/acorn-jsx cache-miss
255 http fetch GET 200 https://registry.npmjs.org/fast-json-stable-stringify 28ms (cache miss)
256 silly packumentCache full:https://registry.npmjs.org/fast-json-stable-stringify set size:undefined disposed:false
257 silly fetch manifest estraverse@^5.1.0
258 silly packumentCache full:https://registry.npmjs.org/estraverse cache-miss
259 http fetch GET 200 https://registry.npmjs.org/ms 29ms (cache miss)
260 silly packumentCache full:https://registry.npmjs.org/ms set size:undefined disposed:false
261 silly fetch manifest flat-cache@^6.1.23
262 silly packumentCache full:https://registry.npmjs.org/flat-cache cache-miss
263 http fetch GET 200 https://registry.npmjs.org/@types%2fesrecurse 40ms (cache miss)
264 silly packumentCache full:https://registry.npmjs.org/@types%2fesrecurse set size:undefined disposed:false
265 silly fetch manifest locate-path@^6.0.0
266 silly packumentCache full:https://registry.npmjs.org/locate-path cache-miss
267 http fetch GET 200 https://registry.npmjs.org/estraverse 27ms (cache miss)
268 silly packumentCache full:https://registry.npmjs.org/estraverse set size:undefined disposed:false
269 silly fetch manifest path-exists@^4.0.0
270 silly packumentCache full:https://registry.npmjs.org/path-exists cache-miss
271 http fetch GET 200 https://registry.npmjs.org/acorn-jsx 29ms (cache miss)
272 silly packumentCache full:https://registry.npmjs.org/acorn-jsx set size:undefined disposed:false
273 silly fetch manifest is-glob@^4.0.3
274 silly packumentCache full:https://registry.npmjs.org/is-glob cache-miss
275 http cache https://registry.npmjs.org/is-glob 1ms (cache hit)
276 silly packumentCache full:https://registry.npmjs.org/is-glob set size:40530 disposed:false
277 silly fetch manifest is-extglob@^2.1.1
278 silly packumentCache full:https://registry.npmjs.org/is-extglob cache-miss
279 http fetch GET 200 https://registry.npmjs.org/estraverse 35ms (cache miss)
280 silly packumentCache full:https://registry.npmjs.org/estraverse set size:undefined disposed:false
281 silly fetch manifest brace-expansion@^5.0.8
282 silly packumentCache full:https://registry.npmjs.org/brace-expansion cache-miss
283 http fetch GET 200 https://registry.npmjs.org/acorn 40ms (cache miss)
284 silly packumentCache full:https://registry.npmjs.org/acorn set size:undefined disposed:false
285 silly fetch manifest prelude-ls@^1.2.1
286 silly packumentCache full:https://registry.npmjs.org/prelude-ls cache-miss
287 http fetch GET 200 https://registry.npmjs.org/esrecurse 49ms (cache miss)
288 silly packumentCache full:https://registry.npmjs.org/esrecurse set size:undefined disposed:false
289 silly fetch manifest deep-is@^0.1.3
290 silly packumentCache full:https://registry.npmjs.org/deep-is cache-miss
291 http fetch GET 200 https://registry.npmjs.org/flat-cache 32ms (cache miss)
292 silly packumentCache full:https://registry.npmjs.org/flat-cache set size:undefined disposed:false
293 silly fetch manifest word-wrap@^1.2.5
294 silly packumentCache full:https://registry.npmjs.org/word-wrap cache-miss
295 http fetch GET 200 https://registry.npmjs.org/locate-path 25ms (cache miss)
296 silly packumentCache full:https://registry.npmjs.org/locate-path set size:undefined disposed:false
297 silly fetch manifest type-check@^0.4.0
298 silly packumentCache full:https://registry.npmjs.org/type-check cache-miss
299 http fetch GET 200 https://registry.npmjs.org/is-extglob 22ms (cache miss)
300 silly packumentCache full:https://registry.npmjs.org/is-extglob set size:undefined disposed:false
301 silly fetch manifest fast-levenshtein@^2.0.6
302 silly packumentCache full:https://registry.npmjs.org/fast-levenshtein cache-miss
303 http fetch GET 200 https://registry.npmjs.org/path-exists 40ms (cache miss)
304 silly packumentCache full:https://registry.npmjs.org/path-exists set size:undefined disposed:false
305 http fetch GET 200 https://registry.npmjs.org/prelude-ls 28ms (cache miss)
306 silly packumentCache full:https://registry.npmjs.org/prelude-ls set size:undefined disposed:false
307 http fetch GET 200 https://registry.npmjs.org/type-check 21ms (cache miss)
308 silly packumentCache full:https://registry.npmjs.org/type-check set size:undefined disposed:false
309 http fetch GET 200 https://registry.npmjs.org/word-wrap 27ms (cache miss)
310 silly packumentCache full:https://registry.npmjs.org/word-wrap set size:undefined disposed:false
311 http fetch GET 200 https://registry.npmjs.org/deep-is 44ms (cache miss)
312 silly packumentCache full:https://registry.npmjs.org/deep-is set size:undefined disposed:false
313 http fetch GET 200 https://registry.npmjs.org/brace-expansion 275ms (cache miss)
314 silly packumentCache full:https://registry.npmjs.org/brace-expansion set size:undefined disposed:false
315 http fetch GET 200 https://registry.npmjs.org/fast-levenshtein 272ms (cache miss)
316 silly packumentCache full:https://registry.npmjs.org/fast-levenshtein set size:undefined disposed:false
317 silly placeDep node_modules/@eslint-community/eslint-utils eslint-visitor-keys@3.4.3 OK for: @eslint-community/eslint-utils@4.10.1 want: ^3.4.3
318 silly placeDep ROOT @eslint/object-schema@3.0.5 OK for: @eslint/config-array@0.23.5 want: ^3.0.5
319 silly placeDep ROOT @types/json-schema@7.0.15 OK for: @eslint/core@1.2.1 want: ^7.0.15
320 silly placeDep ROOT levn@0.4.1 OK for: @eslint/plugin-kit@0.7.3 want: ^0.4.1
321 silly fetch manifest type-check@~0.4.0
322 silly packumentCache full:https://registry.npmjs.org/type-check cache-miss
323 http cache https://registry.npmjs.org/type-check 3ms (cache hit)
324 silly packumentCache full:https://registry.npmjs.org/type-check set size:21221 disposed:false
325 silly placeDep ROOT @humanfs/core@0.19.2 OK for: @humanfs/node@0.16.8 want: ^0.19.2
326 silly placeDep ROOT @humanfs/types@0.15.0 OK for: @humanfs/node@0.16.8 want: ^0.15.0
327 silly placeDep ROOT fast-json-stable-stringify@2.1.0 OK for: ajv@6.15.0 want: ^2.0.0
328 silly placeDep ROOT json-schema-traverse@0.4.1 OK for: ajv@6.15.0 want: ^0.4.1
329 silly placeDep ROOT uri-js@4.4.1 OK for: ajv@6.15.0 want: ^4.2.2
330 silly fetch manifest punycode@^2.1.0
331 silly packumentCache full:https://registry.npmjs.org/punycode cache-miss
332 http fetch GET 200 https://registry.npmjs.org/punycode 31ms (cache miss)
333 silly packumentCache full:https://registry.npmjs.org/punycode set size:undefined disposed:false
334 silly placeDep ROOT path-key@3.1.1 OK for: cross-spawn@7.0.6 want: ^3.1.0
335 silly placeDep ROOT shebang-command@2.0.0 OK for: cross-spawn@7.0.6 want: ^2.0.0
336 silly placeDep ROOT which@2.0.2 OK for: cross-spawn@7.0.6 want: ^2.0.1
337 silly fetch manifest shebang-regex@^3.0.0
338 silly packumentCache full:https://registry.npmjs.org/shebang-regex cache-miss
339 silly fetch manifest isexe@^2.0.0
340 silly packumentCache full:https://registry.npmjs.org/isexe cache-miss
341 http fetch GET 200 https://registry.npmjs.org/isexe 21ms (cache miss)
342 silly packumentCache full:https://registry.npmjs.org/isexe set size:undefined disposed:false
343 http fetch GET 200 https://registry.npmjs.org/shebang-regex 27ms (cache miss)
344 silly packumentCache full:https://registry.npmjs.org/shebang-regex set size:undefined disposed:false
345 silly placeDep ROOT ms@2.1.3 OK for: debug@4.4.3 want: ^2.1.3
346 silly placeDep ROOT @types/esrecurse@4.3.1 OK for: eslint-scope@9.1.2 want: ^4.3.1
347 silly placeDep ROOT esrecurse@4.3.0 OK for: eslint-scope@9.1.2 want: ^4.3.0
348 silly placeDep ROOT estraverse@5.3.0 OK for: eslint-scope@9.1.2 want: ^5.2.0
349 silly placeDep ROOT acorn@8.18.0 OK for: espree@11.2.0 want: ^8.16.0
350 silly placeDep ROOT acorn-jsx@5.3.2 OK for: espree@11.2.0 want: ^5.3.2
351 silly placeDep ROOT flat-cache@6.1.23 OK for: file-entry-cache@11.1.5 want: ^6.1.23
352 silly fetch manifest flatted@^3.4.2
353 silly packumentCache full:https://registry.npmjs.org/flatted cache-miss
354 silly fetch manifest cacheable@^2.5.0
355 silly packumentCache full:https://registry.npmjs.org/cacheable cache-miss
356 silly fetch manifest hookified@^1.15.0
357 silly packumentCache full:https://registry.npmjs.org/hookified cache-miss
358 http fetch GET 200 https://registry.npmjs.org/flatted 41ms (cache miss)
359 silly packumentCache full:https://registry.npmjs.org/flatted set size:undefined disposed:false
360 http fetch GET 200 https://registry.npmjs.org/cacheable 47ms (cache miss)
361 silly packumentCache full:https://registry.npmjs.org/cacheable set size:undefined disposed:false
362 http fetch GET 200 https://registry.npmjs.org/hookified 280ms (cache miss)
363 silly packumentCache full:https://registry.npmjs.org/hookified set size:undefined disposed:false
364 silly placeDep ROOT locate-path@6.0.0 OK for: find-up@5.0.0 want: ^6.0.0
365 silly placeDep ROOT path-exists@4.0.0 OK for: find-up@5.0.0 want: ^4.0.0
366 silly fetch manifest p-locate@^5.0.0
367 silly packumentCache full:https://registry.npmjs.org/p-locate cache-miss
368 http fetch GET 200 https://registry.npmjs.org/p-locate 26ms (cache miss)
369 silly packumentCache full:https://registry.npmjs.org/p-locate set size:undefined disposed:false
370 silly placeDep ROOT cacheable@2.5.0 OK for: flat-cache@6.1.23 want: ^2.5.0
371 silly placeDep ROOT flatted@3.4.4 OK for: flat-cache@6.1.23 want: ^3.4.2
372 silly placeDep ROOT hookified@1.15.1 OK for: flat-cache@6.1.23 want: ^1.15.0
373 silly fetch manifest keyv@^5.6.0
374 silly packumentCache full:https://registry.npmjs.org/keyv cache-miss
375 silly fetch manifest qified@^0.10.1
376 silly packumentCache full:https://registry.npmjs.org/qified cache-miss
377 silly fetch manifest @cacheable/utils@^2.5.0
378 silly packumentCache full:https://registry.npmjs.org/@cacheable%2futils cache-miss
379 silly fetch manifest @cacheable/memory@^2.2.0
380 silly packumentCache full:https://registry.npmjs.org/@cacheable%2fmemory cache-miss
381 http fetch GET 200 https://registry.npmjs.org/qified 29ms (cache miss)
382 silly packumentCache full:https://registry.npmjs.org/qified set size:undefined disposed:false
383 http fetch GET 200 https://registry.npmjs.org/keyv 40ms (cache miss)
384 silly packumentCache full:https://registry.npmjs.org/keyv set size:undefined disposed:false
385 http fetch GET 200 https://registry.npmjs.org/@cacheable%2fmemory 53ms (cache miss)
386 silly packumentCache full:https://registry.npmjs.org/@cacheable%2fmemory set size:undefined disposed:false
387 http fetch GET 200 https://registry.npmjs.org/@cacheable%2futils 295ms (cache miss)
388 silly packumentCache full:https://registry.npmjs.org/@cacheable%2futils set size:undefined disposed:false
389 silly placeDep ROOT @cacheable/memory@2.2.0 OK for: cacheable@2.5.0 want: ^2.2.0
390 silly placeDep ROOT @cacheable/utils@2.5.0 OK for: cacheable@2.5.0 want: ^2.5.0
391 silly placeDep ROOT keyv@5.6.0 OK for: cacheable@2.5.0 want: ^5.6.0
392 silly placeDep ROOT qified@0.10.1 OK for: cacheable@2.5.0 want: ^0.10.1
393 silly fetch manifest @keyv/bigmap@^1.3.1
394 silly packumentCache full:https://registry.npmjs.org/@keyv%2fbigmap cache-miss
395 silly fetch manifest hashery@^1.5.1
396 silly packumentCache full:https://registry.npmjs.org/hashery cache-miss
397 silly fetch manifest @keyv/serialize@^1.1.1
398 silly packumentCache full:https://registry.npmjs.org/@keyv%2fserialize cache-miss
399 silly fetch manifest hookified@^2.1.1
400 silly packumentCache full:https://registry.npmjs.org/hookified cache-miss
401 http cache https://registry.npmjs.org/hookified 6ms (cache hit)
402 silly packumentCache full:https://registry.npmjs.org/hookified set size:167463 disposed:false
403 http fetch GET 200 https://registry.npmjs.org/hashery 29ms (cache miss)
404 silly packumentCache full:https://registry.npmjs.org/hashery set size:undefined disposed:false
405 http fetch GET 200 https://registry.npmjs.org/@keyv%2fserialize 307ms (cache miss)
406 silly packumentCache full:https://registry.npmjs.org/@keyv%2fserialize set size:undefined disposed:false
407 http fetch GET 200 https://registry.npmjs.org/@keyv%2fbigmap 432ms (cache miss)
408 silly packumentCache full:https://registry.npmjs.org/@keyv%2fbigmap set size:undefined disposed:false
409 silly placeDep ROOT @keyv/bigmap@1.3.1 OK for: @cacheable/memory@2.2.0 want: ^1.3.1
410 silly fetch manifest hashery@^1.4.0
411 silly packumentCache full:https://registry.npmjs.org/hashery cache-miss
412 http cache https://registry.npmjs.org/hashery 2ms (cache hit)
413 silly packumentCache full:https://registry.npmjs.org/hashery set size:32683 disposed:false
414 silly placeDep ROOT hashery@1.5.1 OK for: @cacheable/utils@2.5.0 want: ^1.5.1
415 silly placeDep ROOT is-extglob@2.1.1 OK for: is-glob@4.0.3 want: ^2.1.1
416 silly placeDep ROOT @keyv/serialize@1.1.1 OK for: keyv@5.6.0 want: ^1.1.1
417 silly placeDep ROOT prelude-ls@1.2.1 OK for: levn@0.4.1 want: ^1.2.1
418 silly placeDep ROOT type-check@0.4.0 OK for: levn@0.4.1 want: ~0.4.0
419 silly placeDep ROOT p-locate@5.0.0 OK for: locate-path@6.0.0 want: ^5.0.0
420 silly fetch manifest p-limit@^3.0.2
421 silly packumentCache full:https://registry.npmjs.org/p-limit cache-miss
422 http fetch GET 200 https://registry.npmjs.org/p-limit 36ms (cache miss)
423 silly packumentCache full:https://registry.npmjs.org/p-limit set size:undefined disposed:false
424 silly placeDep ROOT brace-expansion@5.0.12 OK for: minimatch@10.2.6 want: ^5.0.8
425 silly fetch manifest balanced-match@^4.0.2
426 silly packumentCache full:https://registry.npmjs.org/balanced-match cache-miss
427 http fetch GET 200 https://registry.npmjs.org/balanced-match 37ms (cache miss)
428 silly packumentCache full:https://registry.npmjs.org/balanced-match set size:undefined disposed:false
429 silly placeDep ROOT balanced-match@4.0.4 OK for: brace-expansion@5.0.12 want: ^4.0.2
430 silly placeDep ROOT deep-is@0.1.4 OK for: optionator@0.9.4 want: ^0.1.3
431 silly placeDep ROOT fast-levenshtein@2.0.6 OK for: optionator@0.9.4 want: ^2.0.6
432 silly placeDep ROOT word-wrap@1.2.5 OK for: optionator@0.9.4 want: ^1.2.5
433 silly placeDep ROOT p-limit@3.1.0 OK for: p-locate@5.0.0 want: ^3.0.2
434 silly fetch manifest yocto-queue@^0.1.0
435 silly packumentCache full:https://registry.npmjs.org/yocto-queue cache-miss
436 http fetch GET 200 https://registry.npmjs.org/yocto-queue 32ms (cache miss)
437 silly packumentCache full:https://registry.npmjs.org/yocto-queue set size:undefined disposed:false
438 silly placeDep ROOT yocto-queue@0.1.0 OK for: p-limit@3.1.0 want: ^0.1.0
439 silly placeDep node_modules/qified hookified@2.2.0 OK for: qified@0.10.1 want: ^2.1.1
440 silly placeDep ROOT shebang-regex@3.0.0 OK for: shebang-command@2.0.0 want: ^3.0.0
441 silly placeDep ROOT punycode@2.3.1 OK for: uri-js@4.4.1 want: ^2.1.0
442 silly placeDep ROOT isexe@2.0.0 OK for: which@2.0.2 want: ^2.0.0
443 silly reify moves {}
444 silly audit bulk request {
444 silly audit   eslint: [ '10.11.0' ],
444 silly audit   '@eslint-community/eslint-utils': [ '4.10.1' ],
444 silly audit   '@eslint-community/regexpp': [ '4.12.2' ],
444 silly audit   '@eslint/config-array': [ '0.23.5' ],
444 silly audit   '@eslint/config-helpers': [ '0.7.0' ],
444 silly audit   '@eslint/core': [ '1.2.1' ],
444 silly audit   '@eslint/plugin-kit': [ '0.7.3' ],
444 silly audit   '@humanfs/node': [ '0.16.8' ],
444 silly audit   '@humanwhocodes/module-importer': [ '1.0.1' ],
444 silly audit   '@humanwhocodes/retry': [ '0.4.3' ],
444 silly audit   '@types/estree': [ '1.0.9' ],
444 silly audit   ajv: [ '6.15.0' ],
444 silly audit   'cross-spawn': [ '7.0.6' ],
444 silly audit   debug: [ '4.4.3' ],
444 silly audit   'escape-string-regexp': [ '4.0.0' ],
444 silly audit   'eslint-scope': [ '9.1.2' ],
444 silly audit   'eslint-visitor-keys': [ '5.0.1', '3.4.3' ],
444 silly audit   espree: [ '11.2.0' ],
444 silly audit   esquery: [ '1.7.0' ],
444 silly audit   esutils: [ '2.0.3' ],
444 silly audit   'fast-deep-equal': [ '3.1.3' ],
444 silly audit   'file-entry-cache': [ '11.1.5' ],
444 silly audit   'find-up': [ '5.0.0' ],
444 silly audit   'glob-parent': [ '6.0.2' ],
444 silly audit   ignore: [ '5.3.2' ],
444 silly audit   imurmurhash: [ '0.1.4' ],
444 silly audit   'is-glob': [ '4.0.3' ],
444 silly audit   'json-stable-stringify-without-jsonify': [ '1.0.1' ],
444 silly audit   minimatch: [ '10.2.6' ],
444 silly audit   'natural-compare': [ '1.4.0' ],
444 silly audit   optionator: [ '0.9.4' ],
444 silly audit   '@eslint/object-schema': [ '3.0.5' ],
444 silly audit   '@types/json-schema': [ '7.0.15' ],
444 silly audit   levn: [ '0.4.1' ],
444 silly audit   '@humanfs/core': [ '0.19.2' ],
444 silly audit   '@humanfs/types': [ '0.15.0' ],
444 silly audit   'fast-json-stable-stringify': [ '2.1.0' ],
444 silly audit   'json-schema-traverse': [ '0.4.1' ],
444 silly audit   'uri-js': [ '4.4.1' ],
444 silly audit   'path-key': [ '3.1.1' ],
444 silly audit   'shebang-command': [ '2.0.0' ],
444 silly audit   which: [ '2.0.2' ],
444 silly audit   ms: [ '2.1.3' ],
444 silly audit   '@types/esrecurse': [ '4.3.1' ],
444 silly audit   esrecurse: [ '4.3.0' ],
444 silly audit   estraverse: [ '5.3.0' ],
444 silly audit   acorn: [ '8.18.0' ],
444 silly audit   'acorn-jsx': [ '5.3.2' ],
444 silly audit   'flat-cache': [ '6.1.23' ],
444 silly audit   'locate-path': [ '6.0.0' ],
444 silly audit   'path-exists': [ '4.0.0' ],
444 silly audit   cacheable: [ '2.5.0' ],
444 silly audit   flatted: [ '3.4.4' ],
444 silly audit   hookified: [ '1.15.1', '2.2.0' ],
444 silly audit   '@cacheable/memory': [ '2.2.0' ],
444 silly audit   '@cacheable/utils': [ '2.5.0' ],
444 silly audit   keyv: [ '5.6.0' ],
444 silly audit   qified: [ '0.10.1' ],
444 silly audit   '@keyv/bigmap': [ '1.3.1' ],
444 silly audit   hashery: [ '1.5.1' ],
444 silly audit   'is-extglob': [ '2.1.1' ],
444 silly audit   '@keyv/serialize': [ '1.1.1' ],
444 silly audit   'prelude-ls': [ '1.2.1' ],
444 silly audit   'type-check': [ '0.4.0' ],
444 silly audit   'p-locate': [ '5.0.0' ],
444 silly audit   'brace-expansion': [ '5.0.12' ],
444 silly audit   'balanced-match': [ '4.0.4' ],
444 silly audit   'deep-is': [ '0.1.4' ],
444 silly audit   'fast-levenshtein': [ '2.0.6' ],
444 silly audit   'word-wrap': [ '1.2.5' ],
444 silly audit   'p-limit': [ '3.1.0' ],
444 silly audit   'yocto-queue': [ '0.1.0' ],
444 silly audit   'shebang-regex': [ '3.0.0' ],
444 silly audit   punycode: [ '2.3.1' ],
444 silly audit   isexe: [ '2.0.0' ]
444 silly audit }
445 http cache isexe@https://registry.npmjs.org/isexe/-/isexe-2.0.0.tgz 0ms (cache hit)
446 http cache p-limit@https://registry.npmjs.org/p-limit/-/p-limit-3.1.0.tgz 0ms (cache hit)
447 http cache word-wrap@https://registry.npmjs.org/word-wrap/-/word-wrap-1.2.5.tgz 0ms (cache hit)
448 http cache punycode@https://registry.npmjs.org/punycode/-/punycode-2.3.1.tgz 0ms (cache hit)
449 http cache deep-is@https://registry.npmjs.org/deep-is/-/deep-is-0.1.4.tgz 0ms (cache hit)
450 http cache fast-levenshtein@https://registry.npmjs.org/fast-levenshtein/-/fast-levenshtein-2.0.6.tgz 0ms (cache hit)
451 http cache balanced-match@https://registry.npmjs.org/balanced-match/-/balanced-match-4.0.4.tgz 0ms (cache hit)
452 http cache type-check@https://registry.npmjs.org/type-check/-/type-check-0.4.0.tgz 0ms (cache hit)
453 http cache brace-expansion@https://registry.npmjs.org/brace-expansion/-/brace-expansion-5.0.12.tgz 0ms (cache hit)
454 http cache p-locate@https://registry.npmjs.org/p-locate/-/p-locate-5.0.0.tgz 0ms (cache hit)
455 http cache @keyv/serialize@https://registry.npmjs.org/@keyv/serialize/-/serialize-1.1.1.tgz 0ms (cache hit)
456 http cache shebang-regex@https://registry.npmjs.org/shebang-regex/-/shebang-regex-3.0.0.tgz 0ms (cache hit)
457 http cache is-extglob@https://registry.npmjs.org/is-extglob/-/is-extglob-2.1.1.tgz 0ms (cache hit)
458 http cache yocto-queue@https://registry.npmjs.org/yocto-queue/-/yocto-queue-0.1.0.tgz 0ms (cache hit)
459 http cache hashery@https://registry.npmjs.org/hashery/-/hashery-1.5.1.tgz 0ms (cache hit)
460 http cache qified@https://registry.npmjs.org/qified/-/qified-0.10.1.tgz 0ms (cache hit)
461 http cache @cacheable/memory@https://registry.npmjs.org/@cacheable/memory/-/memory-2.2.0.tgz 0ms (cache hit)
462 http cache hookified@https://registry.npmjs.org/hookified/-/hookified-1.15.1.tgz 0ms (cache hit)
463 http cache @cacheable/utils@https://registry.npmjs.org/@cacheable/utils/-/utils-2.5.0.tgz 0ms (cache hit)
464 http cache path-exists@https://registry.npmjs.org/path-exists/-/path-exists-4.0.0.tgz 0ms (cache hit)
465 http cache keyv@https://registry.npmjs.org/keyv/-/keyv-5.6.0.tgz 0ms (cache hit)
466 http cache flatted@https://registry.npmjs.org/flatted/-/flatted-3.4.4.tgz 0ms (cache hit)
467 http cache @keyv/bigmap@https://registry.npmjs.org/@keyv/bigmap/-/bigmap-1.3.1.tgz 0ms (cache hit)
468 http cache prelude-ls@https://registry.npmjs.org/prelude-ls/-/prelude-ls-1.2.1.tgz 1ms (cache hit)
469 http cache cacheable@https://registry.npmjs.org/cacheable/-/cacheable-2.5.0.tgz 0ms (cache hit)
470 http cache locate-path@https://registry.npmjs.org/locate-path/-/locate-path-6.0.0.tgz 0ms (cache hit)
471 http cache acorn@https://registry.npmjs.org/acorn/-/acorn-8.18.0.tgz 0ms (cache hit)
472 http cache estraverse@https://registry.npmjs.org/estraverse/-/estraverse-5.3.0.tgz 0ms (cache hit)
473 http cache ms@https://registry.npmjs.org/ms/-/ms-2.1.3.tgz 0ms (cache hit)
474 http cache esrecurse@https://registry.npmjs.org/esrecurse/-/esrecurse-4.3.0.tgz 0ms (cache hit)
475 http cache flat-cache@https://registry.npmjs.org/flat-cache/-/flat-cache-6.1.23.tgz 0ms (cache hit)
476 http cache @types/esrecurse@https://registry.npmjs.org/@types/esrecurse/-/esrecurse-4.3.1.tgz 0ms (cache hit)
477 http cache acorn-jsx@https://registry.npmjs.org/acorn-jsx/-/acorn-jsx-5.3.2.tgz 0ms (cache hit)
478 http cache which@https://registry.npmjs.org/which/-/which-2.0.2.tgz 0ms (cache hit)
479 http cache uri-js@https://registry.npmjs.org/uri-js/-/uri-js-4.4.1.tgz 0ms (cache hit)
480 http cache json-schema-traverse@https://registry.npmjs.org/json-schema-traverse/-/json-schema-traverse-0.4.1.tgz 0ms (cache hit)
481 http cache @humanfs/types@https://registry.npmjs.org/@humanfs/types/-/types-0.15.0.tgz 0ms (cache hit)
482 http cache fast-json-stable-stringify@https://registry.npmjs.org/fast-json-stable-stringify/-/fast-json-stable-stringify-2.1.0.tgz 0ms (cache hit)
483 http cache shebang-command@https://registry.npmjs.org/shebang-command/-/shebang-command-2.0.0.tgz 0ms (cache hit)
484 http cache path-key@https://registry.npmjs.org/path-key/-/path-key-3.1.1.tgz 0ms (cache hit)
485 http cache natural-compare@https://registry.npmjs.org/natural-compare/-/natural-compare-1.4.0.tgz 0ms (cache hit)
486 http cache @humanfs/core@https://registry.npmjs.org/@humanfs/core/-/core-0.19.2.tgz 0ms (cache hit)
487 http cache levn@https://registry.npmjs.org/levn/-/levn-0.4.1.tgz 0ms (cache hit)
488 http cache @types/json-schema@https://registry.npmjs.org/@types/json-schema/-/json-schema-7.0.15.tgz 0ms (cache hit)
489 http cache minimatch@https://registry.npmjs.org/minimatch/-/minimatch-10.2.6.tgz 0ms (cache hit)
490 http cache optionator@https://registry.npmjs.org/optionator/-/optionator-0.9.4.tgz 0ms (cache hit)
491 http cache json-stable-stringify-without-jsonify@https://registry.npmjs.org/json-stable-stringify-without-jsonify/-/json-stable-stringify-without-jsonify-1.0.1.tgz 0ms (cache hit)
492 http cache is-glob@https://registry.npmjs.org/is-glob/-/is-glob-4.0.3.tgz 0ms (cache hit)
493 http cache file-entry-cache@https://registry.npmjs.org/file-entry-cache/-/file-entry-cache-11.1.5.tgz 0ms (cache hit)
494 http cache esutils@https://registry.npmjs.org/esutils/-/esutils-2.0.3.tgz 0ms (cache hit)
495 http cache imurmurhash@https://registry.npmjs.org/imurmurhash/-/imurmurhash-0.1.4.tgz 0ms (cache hit)
496 http cache find-up@https://registry.npmjs.org/find-up/-/find-up-5.0.0.tgz 0ms (cache hit)
497 http cache fast-deep-equal@https://registry.npmjs.org/fast-deep-equal/-/fast-deep-equal-3.1.3.tgz 0ms (cache hit)
498 http cache @eslint/object-schema@https://registry.npmjs.org/@eslint/object-schema/-/object-schema-3.0.5.tgz 0ms (cache hit)
499 http cache eslint-visitor-keys@https://registry.npmjs.org/eslint-visitor-keys/-/eslint-visitor-keys-5.0.1.tgz 0ms (cache hit)
500 http cache ignore@https://registry.npmjs.org/ignore/-/ignore-5.3.2.tgz 0ms (cache hit)
501 http cache esquery@https://registry.npmjs.org/esquery/-/esquery-1.7.0.tgz 0ms (cache hit)
502 http cache eslint-scope@https://registry.npmjs.org/eslint-scope/-/eslint-scope-9.1.2.tgz 0ms (cache hit)
503 http cache escape-string-regexp@https://registry.npmjs.org/escape-string-regexp/-/escape-string-regexp-4.0.0.tgz 0ms (cache hit)
504 http cache cross-spawn@https://registry.npmjs.org/cross-spawn/-/cross-spawn-7.0.6.tgz 0ms (cache hit)
505 http cache ajv@https://registry.npmjs.org/ajv/-/ajv-6.15.0.tgz 0ms (cache hit)
506 http cache @humanwhocodes/retry@https://registry.npmjs.org/@humanwhocodes/retry/-/retry-0.4.3.tgz 0ms (cache hit)
507 http cache @humanwhocodes/module-importer@https://registry.npmjs.org/@humanwhocodes/module-importer/-/module-importer-1.0.1.tgz 0ms (cache hit)
508 http cache @humanfs/node@https://registry.npmjs.org/@humanfs/node/-/node-0.16.8.tgz 0ms (cache hit)
509 http cache @types/estree@https://registry.npmjs.org/@types/estree/-/estree-1.0.9.tgz 0ms (cache hit)
510 http cache @eslint/plugin-kit@https://registry.npmjs.org/@eslint/plugin-kit/-/plugin-kit-0.7.3.tgz 0ms (cache hit)
511 http cache debug@https://registry.npmjs.org/debug/-/debug-4.4.3.tgz 0ms (cache hit)
512 http cache espree@https://registry.npmjs.org/espree/-/espree-11.2.0.tgz 0ms (cache hit)
513 http cache @eslint/core@https://registry.npmjs.org/@eslint/core/-/core-1.2.1.tgz 0ms (cache hit)
514 http cache @eslint/config-helpers@https://registry.npmjs.org/@eslint/config-helpers/-/config-helpers-0.7.0.tgz 0ms (cache hit)
515 http cache @eslint/config-array@https://registry.npmjs.org/@eslint/config-array/-/config-array-0.23.5.tgz 0ms (cache hit)
516 http cache @eslint-community/eslint-utils@https://registry.npmjs.org/@eslint-community/eslint-utils/-/eslint-utils-4.10.1.tgz 0ms (cache hit)
517 http cache eslint@https://registry.npmjs.org/eslint/-/eslint-10.11.0.tgz 0ms (cache hit)
518 silly tarball no local data for isexe@https://registry.npmjs.org/isexe/-/isexe-2.0.0.tgz. Extracting by manifest.
519 silly tarball no local data for p-limit@https://registry.npmjs.org/p-limit/-/p-limit-3.1.0.tgz. Extracting by manifest.
520 http cache glob-parent@https://registry.npmjs.org/glob-parent/-/glob-parent-6.0.2.tgz 0ms (cache hit)
521 silly tarball no local data for word-wrap@https://registry.npmjs.org/word-wrap/-/word-wrap-1.2.5.tgz. Extracting by manifest.
522 silly tarball no local data for punycode@https://registry.npmjs.org/punycode/-/punycode-2.3.1.tgz. Extracting by manifest.
523 silly tarball no local data for deep-is@https://registry.npmjs.org/deep-is/-/deep-is-0.1.4.tgz. Extracting by manifest.
524 silly tarball no local data for fast-levenshtein@https://registry.npmjs.org/fast-levenshtein/-/fast-levenshtein-2.0.6.tgz. Extracting by manifest.
525 http cache hookified@https://registry.npmjs.org/hookified/-/hookified-2.2.0.tgz 0ms (cache hit)
526 silly tarball no local data for balanced-match@https://registry.npmjs.org/balanced-match/-/balanced-match-4.0.4.tgz. Extracting by manifest.
527 silly tarball no local data for type-check@https://registry.npmjs.org/type-check/-/type-check-0.4.0.tgz. Extracting by manifest.
528 silly tarball no local data for brace-expansion@https://registry.npmjs.org/brace-expansion/-/brace-expansion-5.0.12.tgz. Extracting by manifest.
529 silly tarball no local data for p-locate@https://registry.npmjs.org/p-locate/-/p-locate-5.0.0.tgz. Extracting by manifest.
530 silly tarball no local data for @keyv/serialize@https://registry.npmjs.org/@keyv/serialize/-/serialize-1.1.1.tgz. Extracting by manifest.
531 silly tarball no local data for shebang-regex@https://registry.npmjs.org/shebang-regex/-/shebang-regex-3.0.0.tgz. Extracting by manifest.
532 silly tarball no local data for is-extglob@https://registry.npmjs.org/is-extglob/-/is-extglob-2.1.1.tgz. Extracting by manifest.
533 silly tarball no local data for yocto-queue@https://registry.npmjs.org/yocto-queue/-/yocto-queue-0.1.0.tgz. Extracting by manifest.
534 silly tarball no local data for hashery@https://registry.npmjs.org/hashery/-/hashery-1.5.1.tgz. Extracting by manifest.
535 silly tarball no local data for qified@https://registry.npmjs.org/qified/-/qified-0.10.1.tgz. Extracting by manifest.
536 silly tarball no local data for @cacheable/memory@https://registry.npmjs.org/@cacheable/memory/-/memory-2.2.0.tgz. Extracting by manifest.
537 silly tarball no local data for hookified@https://registry.npmjs.org/hookified/-/hookified-1.15.1.tgz. Extracting by manifest.
538 silly tarball no local data for @cacheable/utils@https://registry.npmjs.org/@cacheable/utils/-/utils-2.5.0.tgz. Extracting by manifest.
539 silly tarball no local data for path-exists@https://registry.npmjs.org/path-exists/-/path-exists-4.0.0.tgz. Extracting by manifest.
540 silly tarball no local data for keyv@https://registry.npmjs.org/keyv/-/keyv-5.6.0.tgz. Extracting by manifest.
541 silly tarball no local data for flatted@https://registry.npmjs.org/flatted/-/flatted-3.4.4.tgz. Extracting by manifest.
542 http cache @eslint-community/regexpp@https://registry.npmjs.org/@eslint-community/regexpp/-/regexpp-4.12.2.tgz 0ms (cache hit)
543 silly tarball no local data for @keyv/bigmap@https://registry.npmjs.org/@keyv/bigmap/-/bigmap-1.3.1.tgz. Extracting by manifest.
544 silly tarball no local data for prelude-ls@https://registry.npmjs.org/prelude-ls/-/prelude-ls-1.2.1.tgz. Extracting by manifest.
545 silly tarball no local data for cacheable@https://registry.npmjs.org/cacheable/-/cacheable-2.5.0.tgz. Extracting by manifest.
546 silly tarball no local data for locate-path@https://registry.npmjs.org/locate-path/-/locate-path-6.0.0.tgz. Extracting by manifest.
547 silly tarball no local data for acorn@https://registry.npmjs.org/acorn/-/acorn-8.18.0.tgz. Extracting by manifest.
548 silly tarball no local data for estraverse@https://registry.npmjs.org/estraverse/-/estraverse-5.3.0.tgz. Extracting by manifest.
549 silly tarball no local data for ms@https://registry.npmjs.org/ms/-/ms-2.1.3.tgz. Extracting by manifest.
550 silly tarball no local data for esrecurse@https://registry.npmjs.org/esrecurse/-/esrecurse-4.3.0.tgz. Extracting by manifest.
551 silly tarball no local data for flat-cache@https://registry.npmjs.org/flat-cache/-/flat-cache-6.1.23.tgz. Extracting by manifest.
552 silly tarball no local data for @types/esrecurse@https://registry.npmjs.org/@types/esrecurse/-/esrecurse-4.3.1.tgz. Extracting by manifest.
553 http cache eslint-visitor-keys@https://registry.npmjs.org/eslint-visitor-keys/-/eslint-visitor-keys-3.4.3.tgz 0ms (cache hit)
554 silly tarball no local data for acorn-jsx@https://registry.npmjs.org/acorn-jsx/-/acorn-jsx-5.3.2.tgz. Extracting by manifest.
555 silly tarball no local data for which@https://registry.npmjs.org/which/-/which-2.0.2.tgz. Extracting by manifest.
556 silly tarball no local data for uri-js@https://registry.npmjs.org/uri-js/-/uri-js-4.4.1.tgz. Extracting by manifest.
557 silly tarball no local data for json-schema-traverse@https://registry.npmjs.org/json-schema-traverse/-/json-schema-traverse-0.4.1.tgz. Extracting by manifest.
558 silly tarball no local data for @humanfs/types@https://registry.npmjs.org/@humanfs/types/-/types-0.15.0.tgz. Extracting by manifest.
559 silly tarball no local data for fast-json-stable-stringify@https://registry.npmjs.org/fast-json-stable-stringify/-/fast-json-stable-stringify-2.1.0.tgz. Extracting by manifest.
560 silly tarball no local data for shebang-command@https://registry.npmjs.org/shebang-command/-/shebang-command-2.0.0.tgz. Extracting by manifest.
561 silly tarball no local data for path-key@https://registry.npmjs.org/path-key/-/path-key-3.1.1.tgz. Extracting by manifest.
562 silly tarball no local data for natural-compare@https://registry.npmjs.org/natural-compare/-/natural-compare-1.4.0.tgz. Extracting by manifest.
563 silly tarball no local data for @humanfs/core@https://registry.npmjs.org/@humanfs/core/-/core-0.19.2.tgz. Extracting by manifest.
564 silly tarball no local data for levn@https://registry.npmjs.org/levn/-/levn-0.4.1.tgz. Extracting by manifest.
565 silly tarball no local data for @types/json-schema@https://registry.npmjs.org/@types/json-schema/-/json-schema-7.0.15.tgz. Extracting by manifest.
566 silly tarball no local data for minimatch@https://registry.npmjs.org/minimatch/-/minimatch-10.2.6.tgz. Extracting by manifest.
567 silly tarball no local data for optionator@https://registry.npmjs.org/optionator/-/optionator-0.9.4.tgz. Extracting by manifest.
568 silly tarball no local data for json-stable-stringify-without-jsonify@https://registry.npmjs.org/json-stable-stringify-without-jsonify/-/json-stable-stringify-without-jsonify-1.0.1.tgz. Extracting by manifest.
569 silly tarball no local data for is-glob@https://registry.npmjs.org/is-glob/-/is-glob-4.0.3.tgz. Extracting by manifest.
570 silly tarball no local data for file-entry-cache@https://registry.npmjs.org/file-entry-cache/-/file-entry-cache-11.1.5.tgz. Extracting by manifest.
571 silly tarball no local data for esutils@https://registry.npmjs.org/esutils/-/esutils-2.0.3.tgz. Extracting by manifest.
572 silly tarball no local data for imurmurhash@https://registry.npmjs.org/imurmurhash/-/imurmurhash-0.1.4.tgz. Extracting by manifest.
573 silly tarball no local data for find-up@https://registry.npmjs.org/find-up/-/find-up-5.0.0.tgz. Extracting by manifest.
574 silly tarball no local data for fast-deep-equal@https://registry.npmjs.org/fast-deep-equal/-/fast-deep-equal-3.1.3.tgz. Extracting by manifest.
575 silly tarball no local data for @eslint/object-schema@https://registry.npmjs.org/@eslint/object-schema/-/object-schema-3.0.5.tgz. Extracting by manifest.
576 silly tarball no local data for eslint-visitor-keys@https://registry.npmjs.org/eslint-visitor-keys/-/eslint-visitor-keys-5.0.1.tgz. Extracting by manifest.
577 silly tarball no local data for ignore@https://registry.npmjs.org/ignore/-/ignore-5.3.2.tgz. Extracting by manifest.
578 silly tarball no local data for esquery@https://registry.npmjs.org/esquery/-/esquery-1.7.0.tgz. Extracting by manifest.
579 silly tarball no local data for eslint-scope@https://registry.npmjs.org/eslint-scope/-/eslint-scope-9.1.2.tgz. Extracting by manifest.
580 silly tarball no local data for escape-string-regexp@https://registry.npmjs.org/escape-string-regexp/-/escape-string-regexp-4.0.0.tgz. Extracting by manifest.
581 silly tarball no local data for cross-spawn@https://registry.npmjs.org/cross-spawn/-/cross-spawn-7.0.6.tgz. Extracting by manifest.
582 silly tarball no local data for ajv@https://registry.npmjs.org/ajv/-/ajv-6.15.0.tgz. Extracting by manifest.
583 silly tarball no local data for @humanwhocodes/retry@https://registry.npmjs.org/@humanwhocodes/retry/-/retry-0.4.3.tgz. Extracting by manifest.
584 silly tarball no local data for @humanwhocodes/module-importer@https://registry.npmjs.org/@humanwhocodes/module-importer/-/module-importer-1.0.1.tgz. Extracting by manifest.
585 silly tarball no local data for @humanfs/node@https://registry.npmjs.org/@humanfs/node/-/node-0.16.8.tgz. Extracting by manifest.
586 silly tarball no local data for @types/estree@https://registry.npmjs.org/@types/estree/-/estree-1.0.9.tgz. Extracting by manifest.
587 silly tarball no local data for @eslint/plugin-kit@https://registry.npmjs.org/@eslint/plugin-kit/-/plugin-kit-0.7.3.tgz. Extracting by manifest.
588 silly tarball no local data for debug@https://registry.npmjs.org/debug/-/debug-4.4.3.tgz. Extracting by manifest.
589 silly tarball no local data for espree@https://registry.npmjs.org/espree/-/espree-11.2.0.tgz. Extracting by manifest.
590 silly tarball no local data for @eslint/core@https://registry.npmjs.org/@eslint/core/-/core-1.2.1.tgz. Extracting by manifest.
591 silly tarball no local data for @eslint/config-helpers@https://registry.npmjs.org/@eslint/config-helpers/-/config-helpers-0.7.0.tgz. Extracting by manifest.
592 silly tarball no local data for @eslint/config-array@https://registry.npmjs.org/@eslint/config-array/-/config-array-0.23.5.tgz. Extracting by manifest.
593 silly tarball no local data for @eslint-community/eslint-utils@https://registry.npmjs.org/@eslint-community/eslint-utils/-/eslint-utils-4.10.1.tgz. Extracting by manifest.
594 silly tarball no local data for eslint@https://registry.npmjs.org/eslint/-/eslint-10.11.0.tgz. Extracting by manifest.
595 silly tarball no local data for glob-parent@https://registry.npmjs.org/glob-parent/-/glob-parent-6.0.2.tgz. Extracting by manifest.
596 silly tarball no local data for hookified@https://registry.npmjs.org/hookified/-/hookified-2.2.0.tgz. Extracting by manifest.
597 silly tarball no local data for @eslint-community/regexpp@https://registry.npmjs.org/@eslint-community/regexpp/-/regexpp-4.12.2.tgz. Extracting by manifest.
598 silly tarball no local data for eslint-visitor-keys@https://registry.npmjs.org/eslint-visitor-keys/-/eslint-visitor-keys-3.4.3.tgz. Extracting by manifest.
599 http fetch GET 200 https://registry.npmjs.org/p-limit/-/p-limit-3.1.0.tgz 77ms (cache miss)
600 http fetch GET 200 https://registry.npmjs.org/isexe/-/isexe-2.0.0.tgz 77ms (cache miss)
601 http fetch GET 200 https://registry.npmjs.org/deep-is/-/deep-is-0.1.4.tgz 77ms (cache miss)
602 http fetch GET 200 https://registry.npmjs.org/fast-levenshtein/-/fast-levenshtein-2.0.6.tgz 77ms (cache miss)
603 http fetch GET 200 https://registry.npmjs.org/punycode/-/punycode-2.3.1.tgz 78ms (cache miss)
604 http fetch GET 200 https://registry.npmjs.org/word-wrap/-/word-wrap-1.2.5.tgz 78ms (cache miss)
605 http fetch GET 200 https://registry.npmjs.org/qified/-/qified-0.10.1.tgz 86ms (cache miss)
606 http fetch GET 200 https://registry.npmjs.org/hashery/-/hashery-1.5.1.tgz 88ms (cache miss)
607 http fetch GET 200 https://registry.npmjs.org/path-exists/-/path-exists-4.0.0.tgz 95ms (cache miss)
608 http fetch GET 200 https://registry.npmjs.org/@cacheable/memory/-/memory-2.2.0.tgz 97ms (cache miss)
609 http fetch GET 200 https://registry.npmjs.org/hookified/-/hookified-1.15.1.tgz 103ms (cache miss)
610 http fetch GET 200 https://registry.npmjs.org/keyv/-/keyv-5.6.0.tgz 105ms (cache miss)
611 http fetch GET 200 https://registry.npmjs.org/flatted/-/flatted-3.4.4.tgz 106ms (cache miss)
612 http fetch GET 200 https://registry.npmjs.org/@keyv/serialize/-/serialize-1.1.1.tgz 119ms (cache miss)
613 http fetch GET 200 https://registry.npmjs.org/is-extglob/-/is-extglob-2.1.1.tgz 157ms (cache miss)
614 http fetch GET 200 https://registry.npmjs.org/locate-path/-/locate-path-6.0.0.tgz 154ms (cache miss)
615 http fetch GET 200 https://registry.npmjs.org/p-locate/-/p-locate-5.0.0.tgz 164ms (cache miss)
616 http fetch GET 200 https://registry.npmjs.org/shebang-regex/-/shebang-regex-3.0.0.tgz 178ms (cache miss)
617 http fetch GET 200 https://registry.npmjs.org/prelude-ls/-/prelude-ls-1.2.1.tgz 176ms (cache miss)
618 http fetch GET 200 https://registry.npmjs.org/yocto-queue/-/yocto-queue-0.1.0.tgz 225ms (cache miss)
619 http fetch GET 200 https://registry.npmjs.org/type-check/-/type-check-0.4.0.tgz 232ms (cache miss)
620 http fetch GET 200 https://registry.npmjs.org/json-schema-traverse/-/json-schema-traverse-0.4.1.tgz 227ms (cache miss)
621 http fetch GET 200 https://registry.npmjs.org/acorn-jsx/-/acorn-jsx-5.3.2.tgz 230ms (cache miss)
622 http fetch GET 200 https://registry.npmjs.org/ms/-/ms-2.1.3.tgz 233ms (cache miss)
623 http fetch GET 200 https://registry.npmjs.org/cacheable/-/cacheable-2.5.0.tgz 235ms (cache miss)
624 http fetch GET 200 https://registry.npmjs.org/esrecurse/-/esrecurse-4.3.0.tgz 235ms (cache miss)
625 http fetch GET 200 https://registry.npmjs.org/estraverse/-/estraverse-5.3.0.tgz 244ms (cache miss)
626 http fetch POST 200 https://registry.npmjs.org/-/npm/v1/security/advisories/bulk 283ms
627 silly audit report {}
628 http fetch GET 200 https://registry.npmjs.org/which/-/which-2.0.2.tgz 263ms (cache miss)
629 http fetch GET 200 https://registry.npmjs.org/@types/json-schema/-/json-schema-7.0.15.tgz 258ms (cache miss)
630 http fetch GET 200 https://registry.npmjs.org/path-key/-/path-key-3.1.1.tgz 262ms (cache miss)
631 http fetch GET 200 https://registry.npmjs.org/shebang-command/-/shebang-command-2.0.0.tgz 270ms (cache miss)
632 http fetch GET 200 https://registry.npmjs.org/flat-cache/-/flat-cache-6.1.23.tgz 275ms (cache miss)
633 http fetch GET 200 https://registry.npmjs.org/natural-compare/-/natural-compare-1.4.0.tgz 271ms (cache miss)
634 http fetch GET 200 https://registry.npmjs.org/balanced-match/-/balanced-match-4.0.4.tgz 288ms (cache miss)
635 http fetch GET 200 https://registry.npmjs.org/@humanfs/types/-/types-0.15.0.tgz 276ms (cache miss)
636 http fetch GET 200 https://registry.npmjs.org/fast-deep-equal/-/fast-deep-equal-3.1.3.tgz 282ms (cache miss)
637 http fetch GET 200 https://registry.npmjs.org/find-up/-/find-up-5.0.0.tgz 285ms (cache miss)
638 http fetch GET 200 https://registry.npmjs.org/brace-expansion/-/brace-expansion-5.0.12.tgz 305ms (cache miss)
639 http fetch GET 200 https://registry.npmjs.org/imurmurhash/-/imurmurhash-0.1.4.tgz 290ms (cache miss)
640 http fetch GET 200 https://registry.npmjs.org/is-glob/-/is-glob-4.0.3.tgz 292ms (cache miss)
641 http fetch GET 200 https://registry.npmjs.org/levn/-/levn-0.4.1.tgz 307ms (cache miss)
642 http fetch GET 200 https://registry.npmjs.org/acorn/-/acorn-8.18.0.tgz 317ms (cache miss)
643 http fetch GET 200 https://registry.npmjs.org/ignore/-/ignore-5.3.2.tgz 305ms (cache miss)
644 http fetch GET 200 https://registry.npmjs.org/eslint-visitor-keys/-/eslint-visitor-keys-5.0.1.tgz 306ms (cache miss)
645 http fetch GET 200 https://registry.npmjs.org/optionator/-/optionator-0.9.4.tgz 315ms (cache miss)
646 http fetch GET 200 https://registry.npmjs.org/escape-string-regexp/-/escape-string-regexp-4.0.0.tgz 309ms (cache miss)
647 http fetch GET 200 https://registry.npmjs.org/@humanfs/core/-/core-0.19.2.tgz 325ms (cache miss)
648 http fetch GET 200 https://registry.npmjs.org/cross-spawn/-/cross-spawn-7.0.6.tgz 317ms (cache miss)
649 http fetch GET 200 https://registry.npmjs.org/fast-json-stable-stringify/-/fast-json-stable-stringify-2.1.0.tgz 332ms (cache miss)
650 http fetch GET 200 https://registry.npmjs.org/@types/estree/-/estree-1.0.9.tgz 324ms (cache miss)
651 http fetch GET 200 https://registry.npmjs.org/@humanwhocodes/module-importer/-/module-importer-1.0.1.tgz 324ms (cache miss)
652 http fetch GET 200 https://registry.npmjs.org/@humanfs/node/-/node-0.16.8.tgz 325ms (cache miss)
653 http fetch GET 200 https://registry.npmjs.org/@eslint/config-helpers/-/config-helpers-0.7.0.tgz 324ms (cache miss)
654 http fetch GET 200 https://registry.npmjs.org/json-stable-stringify-without-jsonify/-/json-stable-stringify-without-jsonify-1.0.1.tgz 333ms (cache miss)
655 http fetch GET 200 https://registry.npmjs.org/file-entry-cache/-/file-entry-cache-11.1.5.tgz 334ms (cache miss)
656 http fetch GET 200 https://registry.npmjs.org/debug/-/debug-4.4.3.tgz 328ms (cache miss)
657 http fetch GET 200 https://registry.npmjs.org/@eslint/object-schema/-/object-schema-3.0.5.tgz 334ms (cache miss)
658 http fetch GET 200 https://registry.npmjs.org/glob-parent/-/glob-parent-6.0.2.tgz 332ms (cache miss)
659 http fetch GET 200 https://registry.npmjs.org/@eslint/core/-/core-1.2.1.tgz 344ms (cache miss)
660 http fetch GET 200 https://registry.npmjs.org/@eslint/plugin-kit/-/plugin-kit-0.7.3.tgz 346ms (cache miss)
661 http fetch GET 200 https://registry.npmjs.org/@humanwhocodes/retry/-/retry-0.4.3.tgz 348ms (cache miss)
662 http fetch GET 200 https://registry.npmjs.org/eslint-visitor-keys/-/eslint-visitor-keys-3.4.3.tgz 338ms (cache miss)
663 http fetch GET 200 https://registry.npmjs.org/espree/-/espree-11.2.0.tgz 365ms (cache miss)
664 http fetch GET 200 https://registry.npmjs.org/eslint-scope/-/eslint-scope-9.1.2.tgz 472ms (cache miss)
665 http fetch GET 200 https://registry.npmjs.org/@eslint-community/eslint-utils/-/eslint-utils-4.10.1.tgz 475ms (cache miss)
666 http fetch GET 200 https://registry.npmjs.org/@keyv/bigmap/-/bigmap-1.3.1.tgz 495ms (cache miss)
667 http fetch GET 200 https://registry.npmjs.org/@types/esrecurse/-/esrecurse-4.3.1.tgz 494ms (cache miss)
668 http fetch GET 200 https://registry.npmjs.org/esutils/-/esutils-2.0.3.tgz 485ms (cache miss)
669 http fetch GET 200 https://registry.npmjs.org/@eslint-community/regexpp/-/regexpp-4.12.2.tgz 463ms (cache miss)
670 http fetch GET 200 https://registry.npmjs.org/@cacheable/utils/-/utils-2.5.0.tgz 499ms (cache miss)
671 http fetch GET 200 https://registry.npmjs.org/esquery/-/esquery-1.7.0.tgz 486ms (cache miss)
672 http fetch GET 200 https://registry.npmjs.org/hookified/-/hookified-2.2.0.tgz 478ms (cache miss)
673 http fetch GET 200 https://registry.npmjs.org/minimatch/-/minimatch-10.2.6.tgz 525ms (cache miss)
674 http fetch GET 200 https://registry.npmjs.org/uri-js/-/uri-js-4.4.1.tgz 532ms (cache miss)
675 http fetch GET 200 https://registry.npmjs.org/ajv/-/ajv-6.15.0.tgz 534ms (cache miss)
676 http fetch GET 200 https://registry.npmjs.org/@eslint/config-array/-/config-array-0.23.5.tgz 571ms (cache miss)
677 http fetch GET 200 https://registry.npmjs.org/eslint/-/eslint-10.11.0.tgz 618ms (cache miss)
678 verbose cwd /Users/aniketjha/Desktop/work/clients/propertysearch/propert_website
679 verbose os Darwin 25.5.0
680 verbose node v20.19.0
681 verbose npm  v11.9.0
682 verbose exit 2
683 verbose code 2
