0 verbose cli /Users/aniketjha/.nvm/versions/node/v20.19.0/bin/node /Users/aniketjha/.nvm/versions/node/v20.19.0/lib/node_modules/npm/bin/npm-cli.js
1 info using npm@11.9.0
2 info using node@v20.19.0
3 silly config load:file:/Users/aniketjha/.nvm/versions/node/v20.19.0/lib/node_modules/npm/npmrc
4 silly config load:file:/Users/aniketjha/Desktop/work/clients/propertysearch/propert_website/.npmrc
5 silly config load:file:/Users/aniketjha/.npmrc
6 silly config load:file:/Users/aniketjha/.nvm/versions/node/v20.19.0/etc/npmrc
7 verbose title npm exec vite build
8 verbose argv "exec" "--" "vite" "build"
9 verbose logfile logs-max:10 dir:/Users/aniketjha/Desktop/work/clients/propertysearch/propert_website/.npm-cache/_logs/2026-09-27T14_46_49_233Z-
10 verbose logfile /Users/aniketjha/Desktop/work/clients/propertysearch/propert_website/.npm-cache/_logs/2026-09-27T14_46_49_233Z-debug-0.log
11 silly logfile done cleaning log files
12 http fetch GET 200 https://registry.npmjs.org/npm 175ms
13 verbose cwd /Users/aniketjha/Desktop/work/clients/propertysearch/propert_website
14 verbose os Darwin 25.5.0
15 verbose node v20.19.0
16 verbose npm  v11.9.0
17 notice
17 notice New minor version of npm available! 11.9.0 -> 11.20.0
17 notice Changelog: https://github.com/npm/cli/releases/tag/v11.20.0
17 notice To update run: npm install -g npm@11.20.0
17 notice  { force: true, [Symbol(proc-log.meta)]: true }
18 verbose exit 0
19 info ok
